---
source: full-moon/tests/pass_cases.rs
assertion_line: 39
expression: tokens
input_file: full-moon/tests/glua_cases/pass/logical_and_operator
---
- start_position:
    bytes: 0
    line: 1
    character: 1
  end_position:
    bytes: 45
    line: 1
    character: 46
  token_type:
    type: SingleLineComment
    comment: " Test && operator (GLua alternative to and)"
- start_position:
    bytes: 45
    line: 1
    character: 46
  end_position:
    bytes: 46
    line: 1
    character: 46
  token_type:
    type: Whitespace
    characters: "\n"
- start_position:
    bytes: 46
    line: 2
    character: 1
  end_position:
    bytes: 48
    line: 2
    character: 3
  token_type:
    type: Symbol
    symbol: if
- start_position:
    bytes: 48
    line: 2
    character: 3
  end_position:
    bytes: 49
    line: 2
    character: 4
  token_type:
    type: Whitespace
    characters: " "
- start_position:
    bytes: 49
    line: 2
    character: 4
  end_position:
    bytes: 50
    line: 2
    character: 5
  token_type:
    type: Identifier
    identifier: a
- start_position:
    bytes: 50
    line: 2
    character: 5
  end_position:
    bytes: 51
    line: 2
    character: 6
  token_type:
    type: Whitespace
    characters: " "
- start_position:
    bytes: 51
    line: 2
    character: 6
  end_position:
    bytes: 53
    line: 2
    character: 8
  token_type:
    type: Symbol
    symbol: "&&"
- start_position:
    bytes: 53
    line: 2
    character: 8
  end_position:
    bytes: 54
    line: 2
    character: 9
  token_type:
    type: Whitespace
    characters: " "
- start_position:
    bytes: 54
    line: 2
    character: 9
  end_position:
    bytes: 55
    line: 2
    character: 10
  token_type:
    type: Identifier
    identifier: b
- start_position:
    bytes: 55
    line: 2
    character: 10
  end_position:
    bytes: 56
    line: 2
    character: 11
  token_type:
    type: Whitespace
    characters: " "
- start_position:
    bytes: 56
    line: 2
    character: 11
  end_position:
    bytes: 60
    line: 2
    character: 15
  token_type:
    type: Symbol
    symbol: then
- start_position:
    bytes: 60
    line: 2
    character: 15
  end_position:
    bytes: 61
    line: 2
    character: 15
  token_type:
    type: Whitespace
    characters: "\n"
- start_position:
    bytes: 61
    line: 3
    character: 1
  end_position:
    bytes: 65
    line: 3
    character: 5
  token_type:
    type: Whitespace
    characters: "    "
- start_position:
    bytes: 65
    line: 3
    character: 5
  end_position:
    bytes: 70
    line: 3
    character: 10
  token_type:
    type: Identifier
    identifier: print
- start_position:
    bytes: 70
    line: 3
    character: 10
  end_position:
    bytes: 71
    line: 3
    character: 11
  token_type:
    type: Symbol
    symbol: (
- start_position:
    bytes: 71
    line: 3
    character: 11
  end_position:
    bytes: 82
    line: 3
    character: 22
  token_type:
    type: StringLiteral
    literal: both true
    quote_type: Double
- start_position:
    bytes: 82
    line: 3
    character: 22
  end_position:
    bytes: 83
    line: 3
    character: 23
  token_type:
    type: Symbol
    symbol: )
- start_position:
    bytes: 83
    line: 3
    character: 23
  end_position:
    bytes: 84
    line: 3
    character: 23
  token_type:
    type: Whitespace
    characters: "\n"
- start_position:
    bytes: 84
    line: 4
    character: 1
  end_position:
    bytes: 87
    line: 4
    character: 4
  token_type:
    type: Symbol
    symbol: end
- start_position:
    bytes: 87
    line: 4
    character: 4
  end_position:
    bytes: 88
    line: 4
    character: 4
  token_type:
    type: Whitespace
    characters: "\n"
- start_position:
    bytes: 88
    line: 5
    character: 1
  end_position:
    bytes: 89
    line: 5
    character: 1
  token_type:
    type: Whitespace
    characters: "\n"
- start_position:
    bytes: 89
    line: 6
    character: 1
  end_position:
    bytes: 111
    line: 6
    character: 23
  token_type:
    type: SingleLineComment
    comment: " Multiple conditions"
- start_position:
    bytes: 111
    line: 6
    character: 23
  end_position:
    bytes: 112
    line: 6
    character: 23
  token_type:
    type: Whitespace
    characters: "\n"
- start_position:
    bytes: 112
    line: 7
    character: 1
  end_position:
    bytes: 117
    line: 7
    character: 6
  token_type:
    type: Symbol
    symbol: local
- start_position:
    bytes: 117
    line: 7
    character: 6
  end_position:
    bytes: 118
    line: 7
    character: 7
  token_type:
    type: Whitespace
    characters: " "
- start_position:
    bytes: 118
    line: 7
    character: 7
  end_position:
    bytes: 124
    line: 7
    character: 13
  token_type:
    type: Identifier
    identifier: result
- start_position:
    bytes: 124
    line: 7
    character: 13
  end_position:
    bytes: 125
    line: 7
    character: 14
  token_type:
    type: Whitespace
    characters: " "
- start_position:
    bytes: 125
    line: 7
    character: 14
  end_position:
    bytes: 126
    line: 7
    character: 15
  token_type:
    type: Symbol
    symbol: "="
- start_position:
    bytes: 126
    line: 7
    character: 15
  end_position:
    bytes: 127
    line: 7
    character: 16
  token_type:
    type: Whitespace
    characters: " "
- start_position:
    bytes: 127
    line: 7
    character: 16
  end_position:
    bytes: 128
    line: 7
    character: 17
  token_type:
    type: Identifier
    identifier: x
- start_position:
    bytes: 128
    line: 7
    character: 17
  end_position:
    bytes: 129
    line: 7
    character: 18
  token_type:
    type: Whitespace
    characters: " "
- start_position:
    bytes: 129
    line: 7
    character: 18
  end_position:
    bytes: 131
    line: 7
    character: 20
  token_type:
    type: Symbol
    symbol: "&&"
- start_position:
    bytes: 131
    line: 7
    character: 20
  end_position:
    bytes: 132
    line: 7
    character: 21
  token_type:
    type: Whitespace
    characters: " "
- start_position:
    bytes: 132
    line: 7
    character: 21
  end_position:
    bytes: 133
    line: 7
    character: 22
  token_type:
    type: Identifier
    identifier: y
- start_position:
    bytes: 133
    line: 7
    character: 22
  end_position:
    bytes: 134
    line: 7
    character: 23
  token_type:
    type: Whitespace
    characters: " "
- start_position:
    bytes: 134
    line: 7
    character: 23
  end_position:
    bytes: 136
    line: 7
    character: 25
  token_type:
    type: Symbol
    symbol: "&&"
- start_position:
    bytes: 136
    line: 7
    character: 25
  end_position:
    bytes: 137
    line: 7
    character: 26
  token_type:
    type: Whitespace
    characters: " "
- start_position:
    bytes: 137
    line: 7
    character: 26
  end_position:
    bytes: 138
    line: 7
    character: 27
  token_type:
    type: Identifier
    identifier: z
- start_position:
    bytes: 138
    line: 7
    character: 27
  end_position:
    bytes: 139
    line: 7
    character: 27
  token_type:
    type: Whitespace
    characters: "\n"
- start_position:
    bytes: 139
    line: 8
    character: 1
  end_position:
    bytes: 140
    line: 8
    character: 1
  token_type:
    type: Whitespace
    characters: "\n"
- start_position:
    bytes: 140
    line: 9
    character: 1
  end_position:
    bytes: 165
    line: 9
    character: 26
  token_type:
    type: SingleLineComment
    comment: " Mixed with comparisons"
- start_position:
    bytes: 165
    line: 9
    character: 26
  end_position:
    bytes: 166
    line: 9
    character: 26
  token_type:
    type: Whitespace
    characters: "\n"
- start_position:
    bytes: 166
    line: 10
    character: 1
  end_position:
    bytes: 168
    line: 10
    character: 3
  token_type:
    type: Symbol
    symbol: if
- start_position:
    bytes: 168
    line: 10
    character: 3
  end_position:
    bytes: 169
    line: 10
    character: 4
  token_type:
    type: Whitespace
    characters: " "
- start_position:
    bytes: 169
    line: 10
    character: 4
  end_position:
    bytes: 174
    line: 10
    character: 9
  token_type:
    type: Identifier
    identifier: count
- start_position:
    bytes: 174
    line: 10
    character: 9
  end_position:
    bytes: 175
    line: 10
    character: 10
  token_type:
    type: Whitespace
    characters: " "
- start_position:
    bytes: 175
    line: 10
    character: 10
  end_position:
    bytes: 176
    line: 10
    character: 11
  token_type:
    type: Symbol
    symbol: ">"
- start_position:
    bytes: 176
    line: 10
    character: 11
  end_position:
    bytes: 177
    line: 10
    character: 12
  token_type:
    type: Whitespace
    characters: " "
- start_position:
    bytes: 177
    line: 10
    character: 12
  end_position:
    bytes: 178
    line: 10
    character: 13
  token_type:
    type: Number
    text: "0"
- start_position:
    bytes: 178
    line: 10
    character: 13
  end_position:
    bytes: 179
    line: 10
    character: 14
  token_type:
    type: Whitespace
    characters: " "
- start_position:
    bytes: 179
    line: 10
    character: 14
  end_position:
    bytes: 181
    line: 10
    character: 16
  token_type:
    type: Symbol
    symbol: "&&"
- start_position:
    bytes: 181
    line: 10
    character: 16
  end_position:
    bytes: 182
    line: 10
    character: 17
  token_type:
    type: Whitespace
    characters: " "
- start_position:
    bytes: 182
    line: 10
    character: 17
  end_position:
    bytes: 186
    line: 10
    character: 21
  token_type:
    type: Identifier
    identifier: name
- start_position:
    bytes: 186
    line: 10
    character: 21
  end_position:
    bytes: 187
    line: 10
    character: 22
  token_type:
    type: Whitespace
    characters: " "
- start_position:
    bytes: 187
    line: 10
    character: 22
  end_position:
    bytes: 189
    line: 10
    character: 24
  token_type:
    type: Symbol
    symbol: "!="
- start_position:
    bytes: 189
    line: 10
    character: 24
  end_position:
    bytes: 190
    line: 10
    character: 25
  token_type:
    type: Whitespace
    characters: " "
- start_position:
    bytes: 190
    line: 10
    character: 25
  end_position:
    bytes: 192
    line: 10
    character: 27
  token_type:
    type: StringLiteral
    literal: ""
    quote_type: Double
- start_position:
    bytes: 192
    line: 10
    character: 27
  end_position:
    bytes: 193
    line: 10
    character: 28
  token_type:
    type: Whitespace
    characters: " "
- start_position:
    bytes: 193
    line: 10
    character: 28
  end_position:
    bytes: 197
    line: 10
    character: 32
  token_type:
    type: Symbol
    symbol: then
- start_position:
    bytes: 197
    line: 10
    character: 32
  end_position:
    bytes: 198
    line: 10
    character: 32
  token_type:
    type: Whitespace
    characters: "\n"
- start_position:
    bytes: 198
    line: 11
    character: 1
  end_position:
    bytes: 202
    line: 11
    character: 5
  token_type:
    type: Whitespace
    characters: "    "
- start_position:
    bytes: 202
    line: 11
    character: 5
  end_position:
    bytes: 209
    line: 11
    character: 12
  token_type:
    type: Identifier
    identifier: process
- start_position:
    bytes: 209
    line: 11
    character: 12
  end_position:
    bytes: 210
    line: 11
    character: 13
  token_type:
    type: Symbol
    symbol: (
- start_position:
    bytes: 210
    line: 11
    character: 13
  end_position:
    bytes: 211
    line: 11
    character: 14
  token_type:
    type: Symbol
    symbol: )
- start_position:
    bytes: 211
    line: 11
    character: 14
  end_position:
    bytes: 212
    line: 11
    character: 14
  token_type:
    type: Whitespace
    characters: "\n"
- start_position:
    bytes: 212
    line: 12
    character: 1
  end_position:
    bytes: 215
    line: 12
    character: 4
  token_type:
    type: Symbol
    symbol: end
- start_position:
    bytes: 215
    line: 12
    character: 4
  end_position:
    bytes: 216
    line: 12
    character: 4
  token_type:
    type: Whitespace
    characters: "\n"
- start_position:
    bytes: 216
    line: 13
    character: 1
  end_position:
    bytes: 217
    line: 13
    character: 1
  token_type:
    type: Whitespace
    characters: "\n"
- start_position:
    bytes: 217
    line: 14
    character: 1
  end_position:
    bytes: 244
    line: 14
    character: 28
  token_type:
    type: SingleLineComment
    comment: " Short-circuit evaluation"
- start_position:
    bytes: 244
    line: 14
    character: 28
  end_position:
    bytes: 245
    line: 14
    character: 28
  token_type:
    type: Whitespace
    characters: "\n"
- start_position:
    bytes: 245
    line: 15
    character: 1
  end_position:
    bytes: 250
    line: 15
    character: 6
  token_type:
    type: Symbol
    symbol: local
- start_position:
    bytes: 250
    line: 15
    character: 6
  end_position:
    bytes: 251
    line: 15
    character: 7
  token_type:
    type: Whitespace
    characters: " "
- start_position:
    bytes: 251
    line: 15
    character: 7
  end_position:
    bytes: 256
    line: 15
    character: 12
  token_type:
    type: Identifier
    identifier: value
- start_position:
    bytes: 256
    line: 15
    character: 12
  end_position:
    bytes: 257
    line: 15
    character: 13
  token_type:
    type: Whitespace
    characters: " "
- start_position:
    bytes: 257
    line: 15
    character: 13
  end_position:
    bytes: 258
    line: 15
    character: 14
  token_type:
    type: Symbol
    symbol: "="
- start_position:
    bytes: 258
    line: 15
    character: 14
  end_position:
    bytes: 259
    line: 15
    character: 15
  token_type:
    type: Whitespace
    characters: " "
- start_position:
    bytes: 259
    line: 15
    character: 15
  end_position:
    bytes: 266
    line: 15
    character: 22
  token_type:
    type: Identifier
    identifier: isValid
- start_position:
    bytes: 266
    line: 15
    character: 22
  end_position:
    bytes: 267
    line: 15
    character: 23
  token_type:
    type: Symbol
    symbol: (
- start_position:
    bytes: 267
    line: 15
    character: 23
  end_position:
    bytes: 268
    line: 15
    character: 24
  token_type:
    type: Symbol
    symbol: )
- start_position:
    bytes: 268
    line: 15
    character: 24
  end_position:
    bytes: 269
    line: 15
    character: 25
  token_type:
    type: Whitespace
    characters: " "
- start_position:
    bytes: 269
    line: 15
    character: 25
  end_position:
    bytes: 271
    line: 15
    character: 27
  token_type:
    type: Symbol
    symbol: "&&"
- start_position:
    bytes: 271
    line: 15
    character: 27
  end_position:
    bytes: 272
    line: 15
    character: 28
  token_type:
    type: Whitespace
    characters: " "
- start_position:
    bytes: 272
    line: 15
    character: 28
  end_position:
    bytes: 280
    line: 15
    character: 36
  token_type:
    type: Identifier
    identifier: getValue
- start_position:
    bytes: 280
    line: 15
    character: 36
  end_position:
    bytes: 281
    line: 15
    character: 37
  token_type:
    type: Symbol
    symbol: (
- start_position:
    bytes: 281
    line: 15
    character: 37
  end_position:
    bytes: 282
    line: 15
    character: 38
  token_type:
    type: Symbol
    symbol: )
- start_position:
    bytes: 282
    line: 15
    character: 38
  end_position:
    bytes: 283
    line: 15
    character: 38
  token_type:
    type: Whitespace
    characters: "\n"
- start_position:
    bytes: 283
    line: 16
    character: 1
  end_position:
    bytes: 284
    line: 16
    character: 1
  token_type:
    type: Whitespace
    characters: "\n"
- start_position:
    bytes: 284
    line: 17
    character: 1
  end_position:
    bytes: 305
    line: 17
    character: 22
  token_type:
    type: SingleLineComment
    comment: " Complex conditions"
- start_position:
    bytes: 305
    line: 17
    character: 22
  end_position:
    bytes: 306
    line: 17
    character: 22
  token_type:
    type: Whitespace
    characters: "\n"
- start_position:
    bytes: 306
    line: 18
    character: 1
  end_position:
    bytes: 308
    line: 18
    character: 3
  token_type:
    type: Symbol
    symbol: if
- start_position:
    bytes: 308
    line: 18
    character: 3
  end_position:
    bytes: 309
    line: 18
    character: 4
  token_type:
    type: Whitespace
    characters: " "
- start_position:
    bytes: 309
    line: 18
    character: 4
  end_position:
    bytes: 310
    line: 18
    character: 5
  token_type:
    type: Symbol
    symbol: (
- start_position:
    bytes: 310
    line: 18
    character: 5
  end_position:
    bytes: 311
    line: 18
    character: 6
  token_type:
    type: Identifier
    identifier: a
- start_position:
    bytes: 311
    line: 18
    character: 6
  end_position:
    bytes: 312
    line: 18
    character: 7
  token_type:
    type: Whitespace
    characters: " "
- start_position:
    bytes: 312
    line: 18
    character: 7
  end_position:
    bytes: 313
    line: 18
    character: 8
  token_type:
    type: Symbol
    symbol: ">"
- start_position:
    bytes: 313
    line: 18
    character: 8
  end_position:
    bytes: 314
    line: 18
    character: 9
  token_type:
    type: Whitespace
    characters: " "
- start_position:
    bytes: 314
    line: 18
    character: 9
  end_position:
    bytes: 315
    line: 18
    character: 10
  token_type:
    type: Identifier
    identifier: b
- start_position:
    bytes: 315
    line: 18
    character: 10
  end_position:
    bytes: 316
    line: 18
    character: 11
  token_type:
    type: Symbol
    symbol: )
- start_position:
    bytes: 316
    line: 18
    character: 11
  end_position:
    bytes: 317
    line: 18
    character: 12
  token_type:
    type: Whitespace
    characters: " "
- start_position:
    bytes: 317
    line: 18
    character: 12
  end_position:
    bytes: 319
    line: 18
    character: 14
  token_type:
    type: Symbol
    symbol: "&&"
- start_position:
    bytes: 319
    line: 18
    character: 14
  end_position:
    bytes: 320
    line: 18
    character: 15
  token_type:
    type: Whitespace
    characters: " "
- start_position:
    bytes: 320
    line: 18
    character: 15
  end_position:
    bytes: 321
    line: 18
    character: 16
  token_type:
    type: Symbol
    symbol: (
- start_position:
    bytes: 321
    line: 18
    character: 16
  end_position:
    bytes: 322
    line: 18
    character: 17
  token_type:
    type: Identifier
    identifier: c
- start_position:
    bytes: 322
    line: 18
    character: 17
  end_position:
    bytes: 323
    line: 18
    character: 18
  token_type:
    type: Whitespace
    characters: " "
- start_position:
    bytes: 323
    line: 18
    character: 18
  end_position:
    bytes: 324
    line: 18
    character: 19
  token_type:
    type: Symbol
    symbol: "<"
- start_position:
    bytes: 324
    line: 18
    character: 19
  end_position:
    bytes: 325
    line: 18
    character: 20
  token_type:
    type: Whitespace
    characters: " "
- start_position:
    bytes: 325
    line: 18
    character: 20
  end_position:
    bytes: 326
    line: 18
    character: 21
  token_type:
    type: Identifier
    identifier: d
- start_position:
    bytes: 326
    line: 18
    character: 21
  end_position:
    bytes: 327
    line: 18
    character: 22
  token_type:
    type: Symbol
    symbol: )
- start_position:
    bytes: 327
    line: 18
    character: 22
  end_position:
    bytes: 328
    line: 18
    character: 23
  token_type:
    type: Whitespace
    characters: " "
- start_position:
    bytes: 328
    line: 18
    character: 23
  end_position:
    bytes: 330
    line: 18
    character: 25
  token_type:
    type: Symbol
    symbol: "&&"
- start_position:
    bytes: 330
    line: 18
    character: 25
  end_position:
    bytes: 331
    line: 18
    character: 26
  token_type:
    type: Whitespace
    characters: " "
- start_position:
    bytes: 331
    line: 18
    character: 26
  end_position:
    bytes: 332
    line: 18
    character: 27
  token_type:
    type: Symbol
    symbol: (
- start_position:
    bytes: 332
    line: 18
    character: 27
  end_position:
    bytes: 333
    line: 18
    character: 28
  token_type:
    type: Identifier
    identifier: e
- start_position:
    bytes: 333
    line: 18
    character: 28
  end_position:
    bytes: 334
    line: 18
    character: 29
  token_type:
    type: Whitespace
    characters: " "
- start_position:
    bytes: 334
    line: 18
    character: 29
  end_position:
    bytes: 336
    line: 18
    character: 31
  token_type:
    type: Symbol
    symbol: "!="
- start_position:
    bytes: 336
    line: 18
    character: 31
  end_position:
    bytes: 337
    line: 18
    character: 32
  token_type:
    type: Whitespace
    characters: " "
- start_position:
    bytes: 337
    line: 18
    character: 32
  end_position:
    bytes: 338
    line: 18
    character: 33
  token_type:
    type: Identifier
    identifier: f
- start_position:
    bytes: 338
    line: 18
    character: 33
  end_position:
    bytes: 339
    line: 18
    character: 34
  token_type:
    type: Symbol
    symbol: )
- start_position:
    bytes: 339
    line: 18
    character: 34
  end_position:
    bytes: 340
    line: 18
    character: 35
  token_type:
    type: Whitespace
    characters: " "
- start_position:
    bytes: 340
    line: 18
    character: 35
  end_position:
    bytes: 344
    line: 18
    character: 39
  token_type:
    type: Symbol
    symbol: then
- start_position:
    bytes: 344
    line: 18
    character: 39
  end_position:
    bytes: 345
    line: 18
    character: 39
  token_type:
    type: Whitespace
    characters: "\n"
- start_position:
    bytes: 345
    line: 19
    character: 1
  end_position:
    bytes: 349
    line: 19
    character: 5
  token_type:
    type: Whitespace
    characters: "    "
- start_position:
    bytes: 349
    line: 19
    character: 5
  end_position:
    bytes: 360
    line: 19
    character: 16
  token_type:
    type: Identifier
    identifier: doSomething
- start_position:
    bytes: 360
    line: 19
    character: 16
  end_position:
    bytes: 361
    line: 19
    character: 17
  token_type:
    type: Symbol
    symbol: (
- start_position:
    bytes: 361
    line: 19
    character: 17
  end_position:
    bytes: 362
    line: 19
    character: 18
  token_type:
    type: Symbol
    symbol: )
- start_position:
    bytes: 362
    line: 19
    character: 18
  end_position:
    bytes: 363
    line: 19
    character: 18
  token_type:
    type: Whitespace
    characters: "\n"
- start_position:
    bytes: 363
    line: 20
    character: 1
  end_position:
    bytes: 366
    line: 20
    character: 4
  token_type:
    type: Symbol
    symbol: end
- start_position:
    bytes: 366
    line: 20
    character: 4
  end_position:
    bytes: 367
    line: 20
    character: 4
  token_type:
    type: Whitespace
    characters: "\n"
- start_position:
    bytes: 367
    line: 21
    character: 1
  end_position:
    bytes: 368
    line: 21
    character: 1
  token_type:
    type: Whitespace
    characters: "\n"
- start_position:
    bytes: 368
    line: 22
    character: 1
  end_position:
    bytes: 390
    line: 22
    character: 23
  token_type:
    type: SingleLineComment
    comment: " With function calls"
- start_position:
    bytes: 390
    line: 22
    character: 23
  end_position:
    bytes: 391
    line: 22
    character: 23
  token_type:
    type: Whitespace
    characters: "\n"
- start_position:
    bytes: 391
    line: 23
    character: 1
  end_position:
    bytes: 393
    line: 23
    character: 3
  token_type:
    type: Symbol
    symbol: if
- start_position:
    bytes: 393
    line: 23
    character: 3
  end_position:
    bytes: 394
    line: 23
    character: 4
  token_type:
    type: Whitespace
    characters: " "
- start_position:
    bytes: 394
    line: 23
    character: 4
  end_position:
    bytes: 401
    line: 23
    character: 11
  token_type:
    type: Identifier
    identifier: hasData
- start_position:
    bytes: 401
    line: 23
    character: 11
  end_position:
    bytes: 402
    line: 23
    character: 12
  token_type:
    type: Symbol
    symbol: (
- start_position:
    bytes: 402
    line: 23
    character: 12
  end_position:
    bytes: 403
    line: 23
    character: 13
  token_type:
    type: Symbol
    symbol: )
- start_position:
    bytes: 403
    line: 23
    character: 13
  end_position:
    bytes: 404
    line: 23
    character: 14
  token_type:
    type: Whitespace
    characters: " "
- start_position:
    bytes: 404
    line: 23
    character: 14
  end_position:
    bytes: 406
    line: 23
    character: 16
  token_type:
    type: Symbol
    symbol: "&&"
- start_position:
    bytes: 406
    line: 23
    character: 16
  end_position:
    bytes: 407
    line: 23
    character: 17
  token_type:
    type: Whitespace
    characters: " "
- start_position:
    bytes: 407
    line: 23
    character: 17
  end_position:
    bytes: 417
    line: 23
    character: 27
  token_type:
    type: Identifier
    identifier: canProcess
- start_position:
    bytes: 417
    line: 23
    character: 27
  end_position:
    bytes: 418
    line: 23
    character: 28
  token_type:
    type: Symbol
    symbol: (
- start_position:
    bytes: 418
    line: 23
    character: 28
  end_position:
    bytes: 419
    line: 23
    character: 29
  token_type:
    type: Symbol
    symbol: )
- start_position:
    bytes: 419
    line: 23
    character: 29
  end_position:
    bytes: 420
    line: 23
    character: 30
  token_type:
    type: Whitespace
    characters: " "
- start_position:
    bytes: 420
    line: 23
    character: 30
  end_position:
    bytes: 424
    line: 23
    character: 34
  token_type:
    type: Symbol
    symbol: then
- start_position:
    bytes: 424
    line: 23
    character: 34
  end_position:
    bytes: 425
    line: 23
    character: 34
  token_type:
    type: Whitespace
    characters: "\n"
- start_position:
    bytes: 425
    line: 24
    character: 1
  end_position:
    bytes: 429
    line: 24
    character: 5
  token_type:
    type: Whitespace
    characters: "    "
- start_position:
    bytes: 429
    line: 24
    character: 5
  end_position:
    bytes: 432
    line: 24
    character: 8
  token_type:
    type: Identifier
    identifier: run
- start_position:
    bytes: 432
    line: 24
    character: 8
  end_position:
    bytes: 433
    line: 24
    character: 9
  token_type:
    type: Symbol
    symbol: (
- start_position:
    bytes: 433
    line: 24
    character: 9
  end_position:
    bytes: 434
    line: 24
    character: 10
  token_type:
    type: Symbol
    symbol: )
- start_position:
    bytes: 434
    line: 24
    character: 10
  end_position:
    bytes: 435
    line: 24
    character: 10
  token_type:
    type: Whitespace
    characters: "\n"
- start_position:
    bytes: 435
    line: 25
    character: 1
  end_position:
    bytes: 438
    line: 25
    character: 4
  token_type:
    type: Symbol
    symbol: end
- start_position:
    bytes: 438
    line: 25
    character: 4
  end_position:
    bytes: 439
    line: 25
    character: 4
  token_type:
    type: Whitespace
    characters: "\n"
- start_position:
    bytes: 439
    line: 26
    character: 1
  end_position:
    bytes: 440
    line: 26
    character: 1
  token_type:
    type: Whitespace
    characters: "\n"
- start_position:
    bytes: 440
    line: 27
    character: 1
  end_position:
    bytes: 461
    line: 27
    character: 22
  token_type:
    type: SingleLineComment
    comment: " Nested expressions"
- start_position:
    bytes: 461
    line: 27
    character: 22
  end_position:
    bytes: 462
    line: 27
    character: 22
  token_type:
    type: Whitespace
    characters: "\n"
- start_position:
    bytes: 462
    line: 28
    character: 1
  end_position:
    bytes: 467
    line: 28
    character: 6
  token_type:
    type: Symbol
    symbol: local
- start_position:
    bytes: 467
    line: 28
    character: 6
  end_position:
    bytes: 468
    line: 28
    character: 7
  token_type:
    type: Whitespace
    characters: " "
- start_position:
    bytes: 468
    line: 28
    character: 7
  end_position:
    bytes: 473
    line: 28
    character: 12
  token_type:
    type: Identifier
    identifier: check
- start_position:
    bytes: 473
    line: 28
    character: 12
  end_position:
    bytes: 474
    line: 28
    character: 13
  token_type:
    type: Whitespace
    characters: " "
- start_position:
    bytes: 474
    line: 28
    character: 13
  end_position:
    bytes: 475
    line: 28
    character: 14
  token_type:
    type: Symbol
    symbol: "="
- start_position:
    bytes: 475
    line: 28
    character: 14
  end_position:
    bytes: 476
    line: 28
    character: 15
  token_type:
    type: Whitespace
    characters: " "
- start_position:
    bytes: 476
    line: 28
    character: 15
  end_position:
    bytes: 477
    line: 28
    character: 16
  token_type:
    type: Symbol
    symbol: (
- start_position:
    bytes: 477
    line: 28
    character: 16
  end_position:
    bytes: 478
    line: 28
    character: 17
  token_type:
    type: Identifier
    identifier: x
- start_position:
    bytes: 478
    line: 28
    character: 17
  end_position:
    bytes: 479
    line: 28
    character: 18
  token_type:
    type: Whitespace
    characters: " "
- start_position:
    bytes: 479
    line: 28
    character: 18
  end_position:
    bytes: 481
    line: 28
    character: 20
  token_type:
    type: Symbol
    symbol: "&&"
- start_position:
    bytes: 481
    line: 28
    character: 20
  end_position:
    bytes: 482
    line: 28
    character: 21
  token_type:
    type: Whitespace
    characters: " "
- start_position:
    bytes: 482
    line: 28
    character: 21
  end_position:
    bytes: 483
    line: 28
    character: 22
  token_type:
    type: Identifier
    identifier: y
- start_position:
    bytes: 483
    line: 28
    character: 22
  end_position:
    bytes: 484
    line: 28
    character: 23
  token_type:
    type: Symbol
    symbol: )
- start_position:
    bytes: 484
    line: 28
    character: 23
  end_position:
    bytes: 485
    line: 28
    character: 24
  token_type:
    type: Whitespace
    characters: " "
- start_position:
    bytes: 485
    line: 28
    character: 24
  end_position:
    bytes: 487
    line: 28
    character: 26
  token_type:
    type: Symbol
    symbol: "&&"
- start_position:
    bytes: 487
    line: 28
    character: 26
  end_position:
    bytes: 488
    line: 28
    character: 27
  token_type:
    type: Whitespace
    characters: " "
- start_position:
    bytes: 488
    line: 28
    character: 27
  end_position:
    bytes: 489
    line: 28
    character: 28
  token_type:
    type: Symbol
    symbol: (
- start_position:
    bytes: 489
    line: 28
    character: 28
  end_position:
    bytes: 490
    line: 28
    character: 29
  token_type:
    type: Identifier
    identifier: z
- start_position:
    bytes: 490
    line: 28
    character: 29
  end_position:
    bytes: 491
    line: 28
    character: 30
  token_type:
    type: Whitespace
    characters: " "
- start_position:
    bytes: 491
    line: 28
    character: 30
  end_position:
    bytes: 493
    line: 28
    character: 32
  token_type:
    type: Symbol
    symbol: "&&"
- start_position:
    bytes: 493
    line: 28
    character: 32
  end_position:
    bytes: 494
    line: 28
    character: 33
  token_type:
    type: Whitespace
    characters: " "
- start_position:
    bytes: 494
    line: 28
    character: 33
  end_position:
    bytes: 495
    line: 28
    character: 34
  token_type:
    type: Identifier
    identifier: w
- start_position:
    bytes: 495
    line: 28
    character: 34
  end_position:
    bytes: 496
    line: 28
    character: 35
  token_type:
    type: Symbol
    symbol: )
- start_position:
    bytes: 496
    line: 28
    character: 35
  end_position:
    bytes: 497
    line: 28
    character: 35
  token_type:
    type: Whitespace
    characters: "\n"
- start_position:
    bytes: 497
    line: 29
    character: 1
  end_position:
    bytes: 498
    line: 29
    character: 1
  token_type:
    type: Whitespace
    characters: "\n"
- start_position:
    bytes: 498
    line: 30
    character: 1
  end_position:
    bytes: 514
    line: 30
    character: 17
  token_type:
    type: SingleLineComment
    comment: " In while loop"
- start_position:
    bytes: 514
    line: 30
    character: 17
  end_position:
    bytes: 515
    line: 30
    character: 17
  token_type:
    type: Whitespace
    characters: "\n"
- start_position:
    bytes: 515
    line: 31
    character: 1
  end_position:
    bytes: 520
    line: 31
    character: 6
  token_type:
    type: Symbol
    symbol: while
- start_position:
    bytes: 520
    line: 31
    character: 6
  end_position:
    bytes: 521
    line: 31
    character: 7
  token_type:
    type: Whitespace
    characters: " "
- start_position:
    bytes: 521
    line: 31
    character: 7
  end_position:
    bytes: 527
    line: 31
    character: 13
  token_type:
    type: Identifier
    identifier: active
- start_position:
    bytes: 527
    line: 31
    character: 13
  end_position:
    bytes: 528
    line: 31
    character: 14
  token_type:
    type: Whitespace
    characters: " "
- start_position:
    bytes: 528
    line: 31
    character: 14
  end_position:
    bytes: 530
    line: 31
    character: 16
  token_type:
    type: Symbol
    symbol: "&&"
- start_position:
    bytes: 530
    line: 31
    character: 16
  end_position:
    bytes: 531
    line: 31
    character: 17
  token_type:
    type: Whitespace
    characters: " "
- start_position:
    bytes: 531
    line: 31
    character: 17
  end_position:
    bytes: 536
    line: 31
    character: 22
  token_type:
    type: Identifier
    identifier: count
- start_position:
    bytes: 536
    line: 31
    character: 22
  end_position:
    bytes: 537
    line: 31
    character: 23
  token_type:
    type: Whitespace
    characters: " "
- start_position:
    bytes: 537
    line: 31
    character: 23
  end_position:
    bytes: 538
    line: 31
    character: 24
  token_type:
    type: Symbol
    symbol: "<"
- start_position:
    bytes: 538
    line: 31
    character: 24
  end_position:
    bytes: 539
    line: 31
    character: 25
  token_type:
    type: Whitespace
    characters: " "
- start_position:
    bytes: 539
    line: 31
    character: 25
  end_position:
    bytes: 541
    line: 31
    character: 27
  token_type:
    type: Number
    text: "10"
- start_position:
    bytes: 541
    line: 31
    character: 27
  end_position:
    bytes: 542
    line: 31
    character: 28
  token_type:
    type: Whitespace
    characters: " "
- start_position:
    bytes: 542
    line: 31
    character: 28
  end_position:
    bytes: 544
    line: 31
    character: 30
  token_type:
    type: Symbol
    symbol: do
- start_position:
    bytes: 544
    line: 31
    character: 30
  end_position:
    bytes: 545
    line: 31
    character: 30
  token_type:
    type: Whitespace
    characters: "\n"
- start_position:
    bytes: 545
    line: 32
    character: 1
  end_position:
    bytes: 549
    line: 32
    character: 5
  token_type:
    type: Whitespace
    characters: "    "
- start_position:
    bytes: 549
    line: 32
    character: 5
  end_position:
    bytes: 554
    line: 32
    character: 10
  token_type:
    type: Identifier
    identifier: count
- start_position:
    bytes: 554
    line: 32
    character: 10
  end_position:
    bytes: 555
    line: 32
    character: 11
  token_type:
    type: Whitespace
    characters: " "
- start_position:
    bytes: 555
    line: 32
    character: 11
  end_position:
    bytes: 556
    line: 32
    character: 12
  token_type:
    type: Symbol
    symbol: "="
- start_position:
    bytes: 556
    line: 32
    character: 12
  end_position:
    bytes: 557
    line: 32
    character: 13
  token_type:
    type: Whitespace
    characters: " "
- start_position:
    bytes: 557
    line: 32
    character: 13
  end_position:
    bytes: 562
    line: 32
    character: 18
  token_type:
    type: Identifier
    identifier: count
- start_position:
    bytes: 562
    line: 32
    character: 18
  end_position:
    bytes: 563
    line: 32
    character: 19
  token_type:
    type: Whitespace
    characters: " "
- start_position:
    bytes: 563
    line: 32
    character: 19
  end_position:
    bytes: 564
    line: 32
    character: 20
  token_type:
    type: Symbol
    symbol: +
- start_position:
    bytes: 564
    line: 32
    character: 20
  end_position:
    bytes: 565
    line: 32
    character: 21
  token_type:
    type: Whitespace
    characters: " "
- start_position:
    bytes: 565
    line: 32
    character: 21
  end_position:
    bytes: 566
    line: 32
    character: 22
  token_type:
    type: Number
    text: "1"
- start_position:
    bytes: 566
    line: 32
    character: 22
  end_position:
    bytes: 567
    line: 32
    character: 22
  token_type:
    type: Whitespace
    characters: "\n"
- start_position:
    bytes: 567
    line: 33
    character: 1
  end_position:
    bytes: 570
    line: 33
    character: 4
  token_type:
    type: Symbol
    symbol: end
- start_position:
    bytes: 570
    line: 33
    character: 4
  end_position:
    bytes: 571
    line: 33
    character: 4
  token_type:
    type: Whitespace
    characters: "\n"
- start_position:
    bytes: 571
    line: 34
    character: 1
  end_position:
    bytes: 572
    line: 34
    character: 1
  token_type:
    type: Whitespace
    characters: "\n"
- start_position:
    bytes: 572
    line: 35
    character: 1
  end_position:
    bytes: 593
    line: 35
    character: 22
  token_type:
    type: SingleLineComment
    comment: " Mixed with or (||)"
- start_position:
    bytes: 593
    line: 35
    character: 22
  end_position:
    bytes: 594
    line: 35
    character: 22
  token_type:
    type: Whitespace
    characters: "\n"
- start_position:
    bytes: 594
    line: 36
    character: 1
  end_position:
    bytes: 596
    line: 36
    character: 3
  token_type:
    type: Symbol
    symbol: if
- start_position:
    bytes: 596
    line: 36
    character: 3
  end_position:
    bytes: 597
    line: 36
    character: 4
  token_type:
    type: Whitespace
    characters: " "
- start_position:
    bytes: 597
    line: 36
    character: 4
  end_position:
    bytes: 598
    line: 36
    character: 5
  token_type:
    type: Identifier
    identifier: a
- start_position:
    bytes: 598
    line: 36
    character: 5
  end_position:
    bytes: 599
    line: 36
    character: 6
  token_type:
    type: Whitespace
    characters: " "
- start_position:
    bytes: 599
    line: 36
    character: 6
  end_position:
    bytes: 601
    line: 36
    character: 8
  token_type:
    type: Symbol
    symbol: "&&"
- start_position:
    bytes: 601
    line: 36
    character: 8
  end_position:
    bytes: 602
    line: 36
    character: 9
  token_type:
    type: Whitespace
    characters: " "
- start_position:
    bytes: 602
    line: 36
    character: 9
  end_position:
    bytes: 603
    line: 36
    character: 10
  token_type:
    type: Identifier
    identifier: b
- start_position:
    bytes: 603
    line: 36
    character: 10
  end_position:
    bytes: 604
    line: 36
    character: 11
  token_type:
    type: Whitespace
    characters: " "
- start_position:
    bytes: 604
    line: 36
    character: 11
  end_position:
    bytes: 606
    line: 36
    character: 13
  token_type:
    type: Symbol
    symbol: "||"
- start_position:
    bytes: 606
    line: 36
    character: 13
  end_position:
    bytes: 607
    line: 36
    character: 14
  token_type:
    type: Whitespace
    characters: " "
- start_position:
    bytes: 607
    line: 36
    character: 14
  end_position:
    bytes: 608
    line: 36
    character: 15
  token_type:
    type: Identifier
    identifier: c
- start_position:
    bytes: 608
    line: 36
    character: 15
  end_position:
    bytes: 609
    line: 36
    character: 16
  token_type:
    type: Whitespace
    characters: " "
- start_position:
    bytes: 609
    line: 36
    character: 16
  end_position:
    bytes: 611
    line: 36
    character: 18
  token_type:
    type: Symbol
    symbol: "&&"
- start_position:
    bytes: 611
    line: 36
    character: 18
  end_position:
    bytes: 612
    line: 36
    character: 19
  token_type:
    type: Whitespace
    characters: " "
- start_position:
    bytes: 612
    line: 36
    character: 19
  end_position:
    bytes: 613
    line: 36
    character: 20
  token_type:
    type: Identifier
    identifier: d
- start_position:
    bytes: 613
    line: 36
    character: 20
  end_position:
    bytes: 614
    line: 36
    character: 21
  token_type:
    type: Whitespace
    characters: " "
- start_position:
    bytes: 614
    line: 36
    character: 21
  end_position:
    bytes: 618
    line: 36
    character: 25
  token_type:
    type: Symbol
    symbol: then
- start_position:
    bytes: 618
    line: 36
    character: 25
  end_position:
    bytes: 619
    line: 36
    character: 25
  token_type:
    type: Whitespace
    characters: "\n"
- start_position:
    bytes: 619
    line: 37
    character: 1
  end_position:
    bytes: 623
    line: 37
    character: 5
  token_type:
    type: Whitespace
    characters: "    "
- start_position:
    bytes: 623
    line: 37
    character: 5
  end_position:
    bytes: 630
    line: 37
    character: 12
  token_type:
    type: Identifier
    identifier: execute
- start_position:
    bytes: 630
    line: 37
    character: 12
  end_position:
    bytes: 631
    line: 37
    character: 13
  token_type:
    type: Symbol
    symbol: (
- start_position:
    bytes: 631
    line: 37
    character: 13
  end_position:
    bytes: 632
    line: 37
    character: 14
  token_type:
    type: Symbol
    symbol: )
- start_position:
    bytes: 632
    line: 37
    character: 14
  end_position:
    bytes: 633
    line: 37
    character: 14
  token_type:
    type: Whitespace
    characters: "\n"
- start_position:
    bytes: 633
    line: 38
    character: 1
  end_position:
    bytes: 636
    line: 38
    character: 4
  token_type:
    type: Symbol
    symbol: end
- start_position:
    bytes: 636
    line: 38
    character: 4
  end_position:
    bytes: 637
    line: 38
    character: 4
  token_type:
    type: Whitespace
    characters: "\n"
- start_position:
    bytes: 637
    line: 39
    character: 1
  end_position:
    bytes: 638
    line: 39
    character: 1
  token_type:
    type: Whitespace
    characters: "\n"
- start_position:
    bytes: 638
    line: 40
    character: 1
  end_position:
    bytes: 655
    line: 40
    character: 18
  token_type:
    type: SingleLineComment
    comment: " In expressions"
- start_position:
    bytes: 655
    line: 40
    character: 18
  end_position:
    bytes: 656
    line: 40
    character: 18
  token_type:
    type: Whitespace
    characters: "\n"
- start_position:
    bytes: 656
    line: 41
    character: 1
  end_position:
    bytes: 662
    line: 41
    character: 7
  token_type:
    type: Symbol
    symbol: return
- start_position:
    bytes: 662
    line: 41
    character: 7
  end_position:
    bytes: 663
    line: 41
    character: 8
  token_type:
    type: Whitespace
    characters: " "
- start_position:
    bytes: 663
    line: 41
    character: 8
  end_position:
    bytes: 666
    line: 41
    character: 11
  token_type:
    type: Identifier
    identifier: foo
- start_position:
    bytes: 666
    line: 41
    character: 11
  end_position:
    bytes: 667
    line: 41
    character: 12
  token_type:
    type: Whitespace
    characters: " "
- start_position:
    bytes: 667
    line: 41
    character: 12
  end_position:
    bytes: 669
    line: 41
    character: 14
  token_type:
    type: Symbol
    symbol: "&&"
- start_position:
    bytes: 669
    line: 41
    character: 14
  end_position:
    bytes: 670
    line: 41
    character: 15
  token_type:
    type: Whitespace
    characters: " "
- start_position:
    bytes: 670
    line: 41
    character: 15
  end_position:
    bytes: 673
    line: 41
    character: 18
  token_type:
    type: Identifier
    identifier: bar
- start_position:
    bytes: 673
    line: 41
    character: 18
  end_position:
    bytes: 674
    line: 41
    character: 18
  token_type:
    type: Whitespace
    characters: "\n"
- start_position:
    bytes: 674
    line: 42
    character: 1
  end_position:
    bytes: 674
    line: 42
    character: 1
  token_type:
    type: Eof
