---
source: full-moon/tests/pass_cases.rs
assertion_line: 47
expression: ast.nodes()
input_file: full-moon/tests/glua_cases/pass/unary_not_operator
---
stmts:
  - - If:
        if_token:
          leading_trivia:
            - start_position:
                bytes: 0
                line: 1
                character: 1
              end_position:
                bytes: 31
                line: 1
                character: 32
              token_type:
                type: CStyleSingleLineComment
                comment: " Test ! as unary NOT operator"
            - start_position:
                bytes: 31
                line: 1
                character: 32
              end_position:
                bytes: 32
                line: 1
                character: 32
              token_type:
                type: Whitespace
                characters: "\n"
          token:
            start_position:
              bytes: 32
              line: 2
              character: 1
            end_position:
              bytes: 34
              line: 2
              character: 3
            token_type:
              type: Symbol
              symbol: if
          trailing_trivia:
            - start_position:
                bytes: 34
                line: 2
                character: 3
              end_position:
                bytes: 35
                line: 2
                character: 4
              token_type:
                type: Whitespace
                characters: " "
        condition:
          UnaryOperator:
            unop:
              Exclamation:
                leading_trivia: []
                token:
                  start_position:
                    bytes: 35
                    line: 2
                    character: 4
                  end_position:
                    bytes: 36
                    line: 2
                    character: 5
                  token_type:
                    type: Symbol
                    symbol: "!"
                trailing_trivia: []
            expression:
              FunctionCall:
                prefix:
                  Name:
                    leading_trivia: []
                    token:
                      start_position:
                        bytes: 36
                        line: 2
                        character: 5
                      end_position:
                        bytes: 39
                        line: 2
                        character: 8
                      token_type:
                        type: Identifier
                        identifier: ply
                    trailing_trivia: []
                suffixes:
                  - Call:
                      MethodCall:
                        colon_token:
                          leading_trivia: []
                          token:
                            start_position:
                              bytes: 39
                              line: 2
                              character: 8
                            end_position:
                              bytes: 40
                              line: 2
                              character: 9
                            token_type:
                              type: Symbol
                              symbol: ":"
                          trailing_trivia: []
                        name:
                          leading_trivia: []
                          token:
                            start_position:
                              bytes: 40
                              line: 2
                              character: 9
                            end_position:
                              bytes: 45
                              line: 2
                              character: 14
                            token_type:
                              type: Identifier
                              identifier: Alive
                          trailing_trivia: []
                        args:
                          Parentheses:
                            parentheses:
                              tokens:
                                - leading_trivia: []
                                  token:
                                    start_position:
                                      bytes: 45
                                      line: 2
                                      character: 14
                                    end_position:
                                      bytes: 46
                                      line: 2
                                      character: 15
                                    token_type:
                                      type: Symbol
                                      symbol: (
                                  trailing_trivia: []
                                - leading_trivia: []
                                  token:
                                    start_position:
                                      bytes: 46
                                      line: 2
                                      character: 15
                                    end_position:
                                      bytes: 47
                                      line: 2
                                      character: 16
                                    token_type:
                                      type: Symbol
                                      symbol: )
                                  trailing_trivia:
                                    - start_position:
                                        bytes: 47
                                        line: 2
                                        character: 16
                                      end_position:
                                        bytes: 48
                                        line: 2
                                        character: 17
                                      token_type:
                                        type: Whitespace
                                        characters: " "
                            arguments:
                              pairs: []
        then_token:
          leading_trivia: []
          token:
            start_position:
              bytes: 48
              line: 2
              character: 17
            end_position:
              bytes: 52
              line: 2
              character: 21
            token_type:
              type: Symbol
              symbol: then
          trailing_trivia:
            - start_position:
                bytes: 52
                line: 2
                character: 21
              end_position:
                bytes: 53
                line: 2
                character: 21
              token_type:
                type: Whitespace
                characters: "\n"
        block:
          stmts:
            - - FunctionCall:
                  prefix:
                    Name:
                      leading_trivia:
                        - start_position:
                            bytes: 53
                            line: 3
                            character: 1
                          end_position:
                            bytes: 57
                            line: 3
                            character: 5
                          token_type:
                            type: Whitespace
                            characters: "    "
                      token:
                        start_position:
                          bytes: 57
                          line: 3
                          character: 5
                        end_position:
                          bytes: 64
                          line: 3
                          character: 12
                        token_type:
                          type: Identifier
                          identifier: respawn
                      trailing_trivia: []
                  suffixes:
                    - Call:
                        AnonymousCall:
                          Parentheses:
                            parentheses:
                              tokens:
                                - leading_trivia: []
                                  token:
                                    start_position:
                                      bytes: 64
                                      line: 3
                                      character: 12
                                    end_position:
                                      bytes: 65
                                      line: 3
                                      character: 13
                                    token_type:
                                      type: Symbol
                                      symbol: (
                                  trailing_trivia: []
                                - leading_trivia: []
                                  token:
                                    start_position:
                                      bytes: 68
                                      line: 3
                                      character: 16
                                    end_position:
                                      bytes: 69
                                      line: 3
                                      character: 17
                                    token_type:
                                      type: Symbol
                                      symbol: )
                                  trailing_trivia:
                                    - start_position:
                                        bytes: 69
                                        line: 3
                                        character: 17
                                      end_position:
                                        bytes: 70
                                        line: 3
                                        character: 17
                                      token_type:
                                        type: Whitespace
                                        characters: "\n"
                            arguments:
                              pairs:
                                - End:
                                    Var:
                                      Name:
                                        leading_trivia: []
                                        token:
                                          start_position:
                                            bytes: 65
                                            line: 3
                                            character: 13
                                          end_position:
                                            bytes: 68
                                            line: 3
                                            character: 16
                                          token_type:
                                            type: Identifier
                                            identifier: ply
                                        trailing_trivia: []
              - ~
        else_if: ~
        else_token: ~
        else: ~
        end_token:
          leading_trivia: []
          token:
            start_position:
              bytes: 70
              line: 4
              character: 1
            end_position:
              bytes: 73
              line: 4
              character: 4
            token_type:
              type: Symbol
              symbol: end
          trailing_trivia:
            - start_position:
                bytes: 73
                line: 4
                character: 4
              end_position:
                bytes: 74
                line: 4
                character: 4
              token_type:
                type: Whitespace
                characters: "\n"
    - ~
  - - LocalAssignment:
        local_token:
          leading_trivia:
            - start_position:
                bytes: 74
                line: 5
                character: 1
              end_position:
                bytes: 75
                line: 5
                character: 1
              token_type:
                type: Whitespace
                characters: "\n"
          token:
            start_position:
              bytes: 75
              line: 6
              character: 1
            end_position:
              bytes: 80
              line: 6
              character: 6
            token_type:
              type: Symbol
              symbol: local
          trailing_trivia:
            - start_position:
                bytes: 80
                line: 6
                character: 6
              end_position:
                bytes: 81
                line: 6
                character: 7
              token_type:
                type: Whitespace
                characters: " "
        name_list:
          pairs:
            - End:
                leading_trivia: []
                token:
                  start_position:
                    bytes: 81
                    line: 6
                    character: 7
                  end_position:
                    bytes: 89
                    line: 6
                    character: 15
                  token_type:
                    type: Identifier
                    identifier: notValue
                trailing_trivia:
                  - start_position:
                      bytes: 89
                      line: 6
                      character: 15
                    end_position:
                      bytes: 90
                      line: 6
                      character: 16
                    token_type:
                      type: Whitespace
                      characters: " "
        equal_token:
          leading_trivia: []
          token:
            start_position:
              bytes: 90
              line: 6
              character: 16
            end_position:
              bytes: 91
              line: 6
              character: 17
            token_type:
              type: Symbol
              symbol: "="
          trailing_trivia:
            - start_position:
                bytes: 91
                line: 6
                character: 17
              end_position:
                bytes: 92
                line: 6
                character: 18
              token_type:
                type: Whitespace
                characters: " "
        expr_list:
          pairs:
            - End:
                UnaryOperator:
                  unop:
                    Exclamation:
                      leading_trivia: []
                      token:
                        start_position:
                          bytes: 92
                          line: 6
                          character: 18
                        end_position:
                          bytes: 93
                          line: 6
                          character: 19
                        token_type:
                          type: Symbol
                          symbol: "!"
                      trailing_trivia: []
                  expression:
                    FunctionCall:
                      prefix:
                        Name:
                          leading_trivia: []
                          token:
                            start_position:
                              bytes: 93
                              line: 6
                              character: 19
                            end_position:
                              bytes: 101
                              line: 6
                              character: 27
                            token_type:
                              type: Identifier
                              identifier: getValue
                          trailing_trivia: []
                      suffixes:
                        - Call:
                            AnonymousCall:
                              Parentheses:
                                parentheses:
                                  tokens:
                                    - leading_trivia: []
                                      token:
                                        start_position:
                                          bytes: 101
                                          line: 6
                                          character: 27
                                        end_position:
                                          bytes: 102
                                          line: 6
                                          character: 28
                                        token_type:
                                          type: Symbol
                                          symbol: (
                                      trailing_trivia: []
                                    - leading_trivia: []
                                      token:
                                        start_position:
                                          bytes: 102
                                          line: 6
                                          character: 28
                                        end_position:
                                          bytes: 103
                                          line: 6
                                          character: 29
                                        token_type:
                                          type: Symbol
                                          symbol: )
                                      trailing_trivia:
                                        - start_position:
                                            bytes: 103
                                            line: 6
                                            character: 29
                                          end_position:
                                            bytes: 104
                                            line: 6
                                            character: 29
                                          token_type:
                                            type: Whitespace
                                            characters: "\n"
                                arguments:
                                  pairs: []
    - ~
  - - If:
        if_token:
          leading_trivia:
            - start_position:
                bytes: 104
                line: 7
                character: 1
              end_position:
                bytes: 105
                line: 7
                character: 1
              token_type:
                type: Whitespace
                characters: "\n"
          token:
            start_position:
              bytes: 105
              line: 8
              character: 1
            end_position:
              bytes: 107
              line: 8
              character: 3
            token_type:
              type: Symbol
              symbol: if
          trailing_trivia:
            - start_position:
                bytes: 107
                line: 8
                character: 3
              end_position:
                bytes: 108
                line: 8
                character: 4
              token_type:
                type: Whitespace
                characters: " "
        condition:
          BinaryOperator:
            lhs:
              UnaryOperator:
                unop:
                  Exclamation:
                    leading_trivia: []
                    token:
                      start_position:
                        bytes: 108
                        line: 8
                        character: 4
                      end_position:
                        bytes: 109
                        line: 8
                        character: 5
                      token_type:
                        type: Symbol
                        symbol: "!"
                    trailing_trivia: []
                expression:
                  Var:
                    Name:
                      leading_trivia: []
                      token:
                        start_position:
                          bytes: 109
                          line: 8
                          character: 5
                        end_position:
                          bytes: 116
                          line: 8
                          character: 12
                        token_type:
                          type: Identifier
                          identifier: isValid
                      trailing_trivia:
                        - start_position:
                            bytes: 116
                            line: 8
                            character: 12
                          end_position:
                            bytes: 117
                            line: 8
                            character: 13
                          token_type:
                            type: Whitespace
                            characters: " "
            binop:
              DoubleAmpersand:
                leading_trivia: []
                token:
                  start_position:
                    bytes: 117
                    line: 8
                    character: 13
                  end_position:
                    bytes: 119
                    line: 8
                    character: 15
                  token_type:
                    type: Symbol
                    symbol: "&&"
                trailing_trivia:
                  - start_position:
                      bytes: 119
                      line: 8
                      character: 15
                    end_position:
                      bytes: 120
                      line: 8
                      character: 16
                    token_type:
                      type: Whitespace
                      characters: " "
            rhs:
              UnaryOperator:
                unop:
                  Exclamation:
                    leading_trivia: []
                    token:
                      start_position:
                        bytes: 120
                        line: 8
                        character: 16
                      end_position:
                        bytes: 121
                        line: 8
                        character: 17
                      token_type:
                        type: Symbol
                        symbol: "!"
                    trailing_trivia: []
                expression:
                  Var:
                    Name:
                      leading_trivia: []
                      token:
                        start_position:
                          bytes: 121
                          line: 8
                          character: 17
                        end_position:
                          bytes: 128
                          line: 8
                          character: 24
                        token_type:
                          type: Identifier
                          identifier: isReady
                      trailing_trivia:
                        - start_position:
                            bytes: 128
                            line: 8
                            character: 24
                          end_position:
                            bytes: 129
                            line: 8
                            character: 25
                          token_type:
                            type: Whitespace
                            characters: " "
        then_token:
          leading_trivia: []
          token:
            start_position:
              bytes: 129
              line: 8
              character: 25
            end_position:
              bytes: 133
              line: 8
              character: 29
            token_type:
              type: Symbol
              symbol: then
          trailing_trivia:
            - start_position:
                bytes: 133
                line: 8
                character: 29
              end_position:
                bytes: 134
                line: 8
                character: 29
              token_type:
                type: Whitespace
                characters: "\n"
        block:
          stmts:
            - - FunctionCall:
                  prefix:
                    Name:
                      leading_trivia:
                        - start_position:
                            bytes: 134
                            line: 9
                            character: 1
                          end_position:
                            bytes: 138
                            line: 9
                            character: 5
                          token_type:
                            type: Whitespace
                            characters: "    "
                      token:
                        start_position:
                          bytes: 138
                          line: 9
                          character: 5
                        end_position:
                          bytes: 142
                          line: 9
                          character: 9
                        token_type:
                          type: Identifier
                          identifier: wait
                      trailing_trivia: []
                  suffixes:
                    - Call:
                        AnonymousCall:
                          Parentheses:
                            parentheses:
                              tokens:
                                - leading_trivia: []
                                  token:
                                    start_position:
                                      bytes: 142
                                      line: 9
                                      character: 9
                                    end_position:
                                      bytes: 143
                                      line: 9
                                      character: 10
                                    token_type:
                                      type: Symbol
                                      symbol: (
                                  trailing_trivia: []
                                - leading_trivia: []
                                  token:
                                    start_position:
                                      bytes: 143
                                      line: 9
                                      character: 10
                                    end_position:
                                      bytes: 144
                                      line: 9
                                      character: 11
                                    token_type:
                                      type: Symbol
                                      symbol: )
                                  trailing_trivia:
                                    - start_position:
                                        bytes: 144
                                        line: 9
                                        character: 11
                                      end_position:
                                        bytes: 145
                                        line: 9
                                        character: 11
                                      token_type:
                                        type: Whitespace
                                        characters: "\n"
                            arguments:
                              pairs: []
              - ~
        else_if: ~
        else_token: ~
        else: ~
        end_token:
          leading_trivia: []
          token:
            start_position:
              bytes: 145
              line: 10
              character: 1
            end_position:
              bytes: 148
              line: 10
              character: 4
            token_type:
              type: Symbol
              symbol: end
          trailing_trivia:
            - start_position:
                bytes: 148
                line: 10
                character: 4
              end_position:
                bytes: 149
                line: 10
                character: 4
              token_type:
                type: Whitespace
                characters: "\n"
    - ~
  - - LocalAssignment:
        local_token:
          leading_trivia:
            - start_position:
                bytes: 149
                line: 11
                character: 1
              end_position:
                bytes: 150
                line: 11
                character: 1
              token_type:
                type: Whitespace
                characters: "\n"
            - start_position:
                bytes: 150
                line: 12
                character: 1
              end_position:
                bytes: 182
                line: 12
                character: 33
              token_type:
                type: CStyleSingleLineComment
                comment: " Combined with other operators"
            - start_position:
                bytes: 182
                line: 12
                character: 33
              end_position:
                bytes: 183
                line: 12
                character: 33
              token_type:
                type: Whitespace
                characters: "\n"
          token:
            start_position:
              bytes: 183
              line: 13
              character: 1
            end_position:
              bytes: 188
              line: 13
              character: 6
            token_type:
              type: Symbol
              symbol: local
          trailing_trivia:
            - start_position:
                bytes: 188
                line: 13
                character: 6
              end_position:
                bytes: 189
                line: 13
                character: 7
              token_type:
                type: Whitespace
                characters: " "
        name_list:
          pairs:
            - End:
                leading_trivia: []
                token:
                  start_position:
                    bytes: 189
                    line: 13
                    character: 7
                  end_position:
                    bytes: 195
                    line: 13
                    character: 13
                  token_type:
                    type: Identifier
                    identifier: result
                trailing_trivia:
                  - start_position:
                      bytes: 195
                      line: 13
                      character: 13
                    end_position:
                      bytes: 196
                      line: 13
                      character: 14
                    token_type:
                      type: Whitespace
                      characters: " "
        equal_token:
          leading_trivia: []
          token:
            start_position:
              bytes: 196
              line: 13
              character: 14
            end_position:
              bytes: 197
              line: 13
              character: 15
            token_type:
              type: Symbol
              symbol: "="
          trailing_trivia:
            - start_position:
                bytes: 197
                line: 13
                character: 15
              end_position:
                bytes: 198
                line: 13
                character: 16
              token_type:
                type: Whitespace
                characters: " "
        expr_list:
          pairs:
            - End:
                BinaryOperator:
                  lhs:
                    BinaryOperator:
                      lhs:
                        UnaryOperator:
                          unop:
                            Exclamation:
                              leading_trivia: []
                              token:
                                start_position:
                                  bytes: 198
                                  line: 13
                                  character: 16
                                end_position:
                                  bytes: 199
                                  line: 13
                                  character: 17
                                token_type:
                                  type: Symbol
                                  symbol: "!"
                              trailing_trivia: []
                          expression:
                            Var:
                              Name:
                                leading_trivia: []
                                token:
                                  start_position:
                                    bytes: 199
                                    line: 13
                                    character: 17
                                  end_position:
                                    bytes: 200
                                    line: 13
                                    character: 18
                                  token_type:
                                    type: Identifier
                                    identifier: a
                                trailing_trivia:
                                  - start_position:
                                      bytes: 200
                                      line: 13
                                      character: 18
                                    end_position:
                                      bytes: 201
                                      line: 13
                                      character: 19
                                    token_type:
                                      type: Whitespace
                                      characters: " "
                      binop:
                        DoubleAmpersand:
                          leading_trivia: []
                          token:
                            start_position:
                              bytes: 201
                              line: 13
                              character: 19
                            end_position:
                              bytes: 203
                              line: 13
                              character: 21
                            token_type:
                              type: Symbol
                              symbol: "&&"
                          trailing_trivia:
                            - start_position:
                                bytes: 203
                                line: 13
                                character: 21
                              end_position:
                                bytes: 204
                                line: 13
                                character: 22
                              token_type:
                                type: Whitespace
                                characters: " "
                      rhs:
                        UnaryOperator:
                          unop:
                            Exclamation:
                              leading_trivia: []
                              token:
                                start_position:
                                  bytes: 204
                                  line: 13
                                  character: 22
                                end_position:
                                  bytes: 205
                                  line: 13
                                  character: 23
                                token_type:
                                  type: Symbol
                                  symbol: "!"
                              trailing_trivia: []
                          expression:
                            Var:
                              Name:
                                leading_trivia: []
                                token:
                                  start_position:
                                    bytes: 205
                                    line: 13
                                    character: 23
                                  end_position:
                                    bytes: 206
                                    line: 13
                                    character: 24
                                  token_type:
                                    type: Identifier
                                    identifier: b
                                trailing_trivia:
                                  - start_position:
                                      bytes: 206
                                      line: 13
                                      character: 24
                                    end_position:
                                      bytes: 207
                                      line: 13
                                      character: 25
                                    token_type:
                                      type: Whitespace
                                      characters: " "
                  binop:
                    DoublePipe:
                      leading_trivia: []
                      token:
                        start_position:
                          bytes: 207
                          line: 13
                          character: 25
                        end_position:
                          bytes: 209
                          line: 13
                          character: 27
                        token_type:
                          type: Symbol
                          symbol: "||"
                      trailing_trivia:
                        - start_position:
                            bytes: 209
                            line: 13
                            character: 27
                          end_position:
                            bytes: 210
                            line: 13
                            character: 28
                          token_type:
                            type: Whitespace
                            characters: " "
                  rhs:
                    UnaryOperator:
                      unop:
                        Exclamation:
                          leading_trivia: []
                          token:
                            start_position:
                              bytes: 210
                              line: 13
                              character: 28
                            end_position:
                              bytes: 211
                              line: 13
                              character: 29
                            token_type:
                              type: Symbol
                              symbol: "!"
                          trailing_trivia: []
                      expression:
                        Var:
                          Name:
                            leading_trivia: []
                            token:
                              start_position:
                                bytes: 211
                                line: 13
                                character: 29
                              end_position:
                                bytes: 212
                                line: 13
                                character: 30
                              token_type:
                                type: Identifier
                                identifier: c
                            trailing_trivia:
                              - start_position:
                                  bytes: 212
                                  line: 13
                                  character: 30
                                end_position:
                                  bytes: 213
                                  line: 13
                                  character: 30
                                token_type:
                                  type: Whitespace
                                  characters: "\n"
    - ~
  - - FunctionCall:
        prefix:
          Name:
            leading_trivia:
              - start_position:
                  bytes: 213
                  line: 14
                  character: 1
                end_position:
                  bytes: 214
                  line: 14
                  character: 1
                token_type:
                  type: Whitespace
                  characters: "\n"
              - start_position:
                  bytes: 214
                  line: 15
                  character: 1
                end_position:
                  bytes: 236
                  line: 15
                  character: 23
                token_type:
                  type: CStyleSingleLineComment
                  comment: " With function calls"
              - start_position:
                  bytes: 236
                  line: 15
                  character: 23
                end_position:
                  bytes: 237
                  line: 15
                  character: 23
                token_type:
                  type: Whitespace
                  characters: "\n"
            token:
              start_position:
                bytes: 237
                line: 16
                character: 1
              end_position:
                bytes: 244
                line: 16
                character: 8
              token_type:
                type: Identifier
                identifier: process
            trailing_trivia: []
        suffixes:
          - Call:
              AnonymousCall:
                Parentheses:
                  parentheses:
                    tokens:
                      - leading_trivia: []
                        token:
                          start_position:
                            bytes: 244
                            line: 16
                            character: 8
                          end_position:
                            bytes: 245
                            line: 16
                            character: 9
                          token_type:
                            type: Symbol
                            symbol: (
                        trailing_trivia: []
                      - leading_trivia: []
                        token:
                          start_position:
                            bytes: 259
                            line: 16
                            character: 23
                          end_position:
                            bytes: 260
                            line: 16
                            character: 24
                          token_type:
                            type: Symbol
                            symbol: )
                        trailing_trivia:
                          - start_position:
                              bytes: 260
                              line: 16
                              character: 24
                            end_position:
                              bytes: 261
                              line: 16
                              character: 24
                            token_type:
                              type: Whitespace
                              characters: "\n"
                  arguments:
                    pairs:
                      - End:
                          UnaryOperator:
                            unop:
                              Exclamation:
                                leading_trivia: []
                                token:
                                  start_position:
                                    bytes: 245
                                    line: 16
                                    character: 9
                                  end_position:
                                    bytes: 246
                                    line: 16
                                    character: 10
                                  token_type:
                                    type: Symbol
                                    symbol: "!"
                                trailing_trivia: []
                            expression:
                              FunctionCall:
                                prefix:
                                  Name:
                                    leading_trivia: []
                                    token:
                                      start_position:
                                        bytes: 246
                                        line: 16
                                        character: 10
                                      end_position:
                                        bytes: 249
                                        line: 16
                                        character: 13
                                      token_type:
                                        type: Identifier
                                        identifier: ply
                                    trailing_trivia: []
                                suffixes:
                                  - Call:
                                      MethodCall:
                                        colon_token:
                                          leading_trivia: []
                                          token:
                                            start_position:
                                              bytes: 249
                                              line: 16
                                              character: 13
                                            end_position:
                                              bytes: 250
                                              line: 16
                                              character: 14
                                            token_type:
                                              type: Symbol
                                              symbol: ":"
                                          trailing_trivia: []
                                        name:
                                          leading_trivia: []
                                          token:
                                            start_position:
                                              bytes: 250
                                              line: 16
                                              character: 14
                                            end_position:
                                              bytes: 257
                                              line: 16
                                              character: 21
                                            token_type:
                                              type: Identifier
                                              identifier: IsAdmin
                                          trailing_trivia: []
                                        args:
                                          Parentheses:
                                            parentheses:
                                              tokens:
                                                - leading_trivia: []
                                                  token:
                                                    start_position:
                                                      bytes: 257
                                                      line: 16
                                                      character: 21
                                                    end_position:
                                                      bytes: 258
                                                      line: 16
                                                      character: 22
                                                    token_type:
                                                      type: Symbol
                                                      symbol: (
                                                  trailing_trivia: []
                                                - leading_trivia: []
                                                  token:
                                                    start_position:
                                                      bytes: 258
                                                      line: 16
                                                      character: 22
                                                    end_position:
                                                      bytes: 259
                                                      line: 16
                                                      character: 23
                                                    token_type:
                                                      type: Symbol
                                                      symbol: )
                                                  trailing_trivia: []
                                            arguments:
                                              pairs: []
    - ~
  - - LocalAssignment:
        local_token:
          leading_trivia:
            - start_position:
                bytes: 261
                line: 17
                character: 1
              end_position:
                bytes: 262
                line: 17
                character: 1
              token_type:
                type: Whitespace
                characters: "\n"
            - start_position:
                bytes: 262
                line: 18
                character: 1
              end_position:
                bytes: 271
                line: 18
                character: 10
              token_type:
                type: CStyleSingleLineComment
                comment: " Nested"
            - start_position:
                bytes: 271
                line: 18
                character: 10
              end_position:
                bytes: 272
                line: 18
                character: 10
              token_type:
                type: Whitespace
                characters: "\n"
          token:
            start_position:
              bytes: 272
              line: 19
              character: 1
            end_position:
              bytes: 277
              line: 19
              character: 6
            token_type:
              type: Symbol
              symbol: local
          trailing_trivia:
            - start_position:
                bytes: 277
                line: 19
                character: 6
              end_position:
                bytes: 278
                line: 19
                character: 7
              token_type:
                type: Whitespace
                characters: " "
        name_list:
          pairs:
            - End:
                leading_trivia: []
                token:
                  start_position:
                    bytes: 278
                    line: 19
                    character: 7
                  end_position:
                    bytes: 279
                    line: 19
                    character: 8
                  token_type:
                    type: Identifier
                    identifier: x
                trailing_trivia:
                  - start_position:
                      bytes: 279
                      line: 19
                      character: 8
                    end_position:
                      bytes: 280
                      line: 19
                      character: 9
                    token_type:
                      type: Whitespace
                      characters: " "
        equal_token:
          leading_trivia: []
          token:
            start_position:
              bytes: 280
              line: 19
              character: 9
            end_position:
              bytes: 281
              line: 19
              character: 10
            token_type:
              type: Symbol
              symbol: "="
          trailing_trivia:
            - start_position:
                bytes: 281
                line: 19
                character: 10
              end_position:
                bytes: 282
                line: 19
                character: 11
              token_type:
                type: Whitespace
                characters: " "
        expr_list:
          pairs:
            - End:
                UnaryOperator:
                  unop:
                    Exclamation:
                      leading_trivia: []
                      token:
                        start_position:
                          bytes: 282
                          line: 19
                          character: 11
                        end_position:
                          bytes: 283
                          line: 19
                          character: 12
                        token_type:
                          type: Symbol
                          symbol: "!"
                      trailing_trivia: []
                  expression:
                    UnaryOperator:
                      unop:
                        Exclamation:
                          leading_trivia: []
                          token:
                            start_position:
                              bytes: 283
                              line: 19
                              character: 12
                            end_position:
                              bytes: 284
                              line: 19
                              character: 13
                            token_type:
                              type: Symbol
                              symbol: "!"
                          trailing_trivia: []
                      expression:
                        Var:
                          Name:
                            leading_trivia: []
                            token:
                              start_position:
                                bytes: 284
                                line: 19
                                character: 13
                              end_position:
                                bytes: 289
                                line: 19
                                character: 18
                              token_type:
                                type: Identifier
                                identifier: value
                            trailing_trivia:
                              - start_position:
                                  bytes: 289
                                  line: 19
                                  character: 18
                                end_position:
                                  bytes: 291
                                  line: 19
                                  character: 20
                                token_type:
                                  type: Whitespace
                                  characters: "  "
                              - start_position:
                                  bytes: 291
                                  line: 19
                                  character: 20
                                end_position:
                                  bytes: 309
                                  line: 19
                                  character: 38
                                token_type:
                                  type: SingleLineComment
                                  comment: " double negation"
                              - start_position:
                                  bytes: 309
                                  line: 19
                                  character: 38
                                end_position:
                                  bytes: 310
                                  line: 19
                                  character: 38
                                token_type:
                                  type: Whitespace
                                  characters: "\n"
    - ~
  - - If:
        if_token:
          leading_trivia:
            - start_position:
                bytes: 310
                line: 20
                character: 1
              end_position:
                bytes: 311
                line: 20
                character: 1
              token_type:
                type: Whitespace
                characters: "\n"
            - start_position:
                bytes: 311
                line: 21
                character: 1
              end_position:
                bytes: 336
                line: 21
                character: 26
              token_type:
                type: CStyleSingleLineComment
                comment: " Mixed with parentheses"
            - start_position:
                bytes: 336
                line: 21
                character: 26
              end_position:
                bytes: 337
                line: 21
                character: 26
              token_type:
                type: Whitespace
                characters: "\n"
          token:
            start_position:
              bytes: 337
              line: 22
              character: 1
            end_position:
              bytes: 339
              line: 22
              character: 3
            token_type:
              type: Symbol
              symbol: if
          trailing_trivia:
            - start_position:
                bytes: 339
                line: 22
                character: 3
              end_position:
                bytes: 340
                line: 22
                character: 4
              token_type:
                type: Whitespace
                characters: " "
        condition:
          UnaryOperator:
            unop:
              Exclamation:
                leading_trivia: []
                token:
                  start_position:
                    bytes: 340
                    line: 22
                    character: 4
                  end_position:
                    bytes: 341
                    line: 22
                    character: 5
                  token_type:
                    type: Symbol
                    symbol: "!"
                trailing_trivia: []
            expression:
              Parentheses:
                contained:
                  tokens:
                    - leading_trivia: []
                      token:
                        start_position:
                          bytes: 341
                          line: 22
                          character: 5
                        end_position:
                          bytes: 342
                          line: 22
                          character: 6
                        token_type:
                          type: Symbol
                          symbol: (
                      trailing_trivia: []
                    - leading_trivia: []
                      token:
                        start_position:
                          bytes: 348
                          line: 22
                          character: 12
                        end_position:
                          bytes: 349
                          line: 22
                          character: 13
                        token_type:
                          type: Symbol
                          symbol: )
                      trailing_trivia:
                        - start_position:
                            bytes: 349
                            line: 22
                            character: 13
                          end_position:
                            bytes: 350
                            line: 22
                            character: 14
                          token_type:
                            type: Whitespace
                            characters: " "
                expression:
                  BinaryOperator:
                    lhs:
                      Var:
                        Name:
                          leading_trivia: []
                          token:
                            start_position:
                              bytes: 342
                              line: 22
                              character: 6
                            end_position:
                              bytes: 343
                              line: 22
                              character: 7
                            token_type:
                              type: Identifier
                              identifier: a
                          trailing_trivia:
                            - start_position:
                                bytes: 343
                                line: 22
                                character: 7
                              end_position:
                                bytes: 344
                                line: 22
                                character: 8
                              token_type:
                                type: Whitespace
                                characters: " "
                    binop:
                      DoubleAmpersand:
                        leading_trivia: []
                        token:
                          start_position:
                            bytes: 344
                            line: 22
                            character: 8
                          end_position:
                            bytes: 346
                            line: 22
                            character: 10
                          token_type:
                            type: Symbol
                            symbol: "&&"
                        trailing_trivia:
                          - start_position:
                              bytes: 346
                              line: 22
                              character: 10
                            end_position:
                              bytes: 347
                              line: 22
                              character: 11
                            token_type:
                              type: Whitespace
                              characters: " "
                    rhs:
                      Var:
                        Name:
                          leading_trivia: []
                          token:
                            start_position:
                              bytes: 347
                              line: 22
                              character: 11
                            end_position:
                              bytes: 348
                              line: 22
                              character: 12
                            token_type:
                              type: Identifier
                              identifier: b
                          trailing_trivia: []
        then_token:
          leading_trivia: []
          token:
            start_position:
              bytes: 350
              line: 22
              character: 14
            end_position:
              bytes: 354
              line: 22
              character: 18
            token_type:
              type: Symbol
              symbol: then
          trailing_trivia:
            - start_position:
                bytes: 354
                line: 22
                character: 18
              end_position:
                bytes: 355
                line: 22
                character: 19
              token_type:
                type: Whitespace
                characters: " "
        block:
          stmts: []
        else_if: ~
        else_token: ~
        else: ~
        end_token:
          leading_trivia: []
          token:
            start_position:
              bytes: 355
              line: 22
              character: 19
            end_position:
              bytes: 358
              line: 22
              character: 22
            token_type:
              type: Symbol
              symbol: end
          trailing_trivia:
            - start_position:
                bytes: 358
                line: 22
                character: 22
              end_position:
                bytes: 359
                line: 22
                character: 22
              token_type:
                type: Whitespace
                characters: "\n"
    - ~
last_stmt:
  - Return:
      token:
        leading_trivia:
          - start_position:
              bytes: 359
              line: 23
              character: 1
            end_position:
              bytes: 360
              line: 23
              character: 1
            token_type:
              type: Whitespace
              characters: "\n"
          - start_position:
              bytes: 360
              line: 24
              character: 1
            end_position:
              bytes: 377
              line: 24
              character: 18
            token_type:
              type: CStyleSingleLineComment
              comment: " In expressions"
          - start_position:
              bytes: 377
              line: 24
              character: 18
            end_position:
              bytes: 378
              line: 24
              character: 18
            token_type:
              type: Whitespace
              characters: "\n"
        token:
          start_position:
            bytes: 378
            line: 25
            character: 1
          end_position:
            bytes: 384
            line: 25
            character: 7
          token_type:
            type: Symbol
            symbol: return
        trailing_trivia:
          - start_position:
              bytes: 384
              line: 25
              character: 7
            end_position:
              bytes: 385
              line: 25
              character: 8
            token_type:
              type: Whitespace
              characters: " "
      returns:
        pairs:
          - End:
              UnaryOperator:
                unop:
                  Exclamation:
                    leading_trivia: []
                    token:
                      start_position:
                        bytes: 385
                        line: 25
                        character: 8
                      end_position:
                        bytes: 386
                        line: 25
                        character: 9
                      token_type:
                        type: Symbol
                        symbol: "!"
                    trailing_trivia: []
                expression:
                  Var:
                    Name:
                      leading_trivia: []
                      token:
                        start_position:
                          bytes: 386
                          line: 25
                          character: 9
                        end_position:
                          bytes: 395
                          line: 25
                          character: 18
                        token_type:
                          type: Identifier
                          identifier: condition
                      trailing_trivia:
                        - start_position:
                            bytes: 395
                            line: 25
                            character: 18
                          end_position:
                            bytes: 396
                            line: 25
                            character: 18
                          token_type:
                            type: Whitespace
                            characters: "\n"
  - ~
